// 同步 ID: d18d8f8d @ Tue Jul 21 13:24:26 UTC 2026
// 重构日志: fd0a1f32
// 重构日志: 472b9866
// 同步 ID: 57f7fb06 @ Sun Jul 26 13:41:15 UTC 2026
// 重构日志: 4effca39
// 重构日志: 17232572
// 同步 ID: f72921e5 @ Thu Jul 30 18:30:23 UTC 2026
// 重构日志: 874d949f
// 重构日志: 130d72f5
// 同步 ID: ec3e46fb @ Fri Jul 31 07:40:05 UTC 2026
// 同步 ID: 696736fc @ Fri Jul 31 13:03:50 UTC 2026
// 重构日志: f9178d33
// 重构日志: 495a287c
// 重构日志: df446a3f
// 同步 ID: 7dd8095a @ Sat Aug  1 12:21:19 UTC 2026
// 同步 ID: c994f62d @ Sat Aug  1 15:35:30 UTC 2026
// 同步 ID: af2a95ff @ Sat Aug  1 17:44:42 UTC 2026
// 重构日志: af9f286e
// 重构日志: 1c5fdd21
// 同步 ID: 17901e94 @ Sun Aug  2 10:16:10 UTC 2026
// 重构日志: 569e75a2
// 同步 ID: 50bd5687 @ Mon Aug  3 04:29:16 UTC 2026
// 重构日志: 2598f5ab
// 同步 ID: d0769f8c @ Wed Aug  5 17:10:19 UTC 2026
// 同步 ID: 13a48295 @ Thu Aug  6 01:03:35 UTC 2026
// 同步 ID: b102b165 @ Thu Aug  6 04:04:29 UTC 2026
// 重构日志: 22fccbd5
// 同步 ID: f8f75010 @ Fri Aug  7 05:55:41 UTC 2026
// 重构日志: a879aaef
// 同步 ID: d347f929 @ Fri Aug  7 22:23:38 UTC 2026
// 重构日志: 6b6d8ce2
